// Jest Snapshot v1, https://goo.gl/fbAQLP

exports[`Button is rendered properly 1`] = `
<button
  className="Button"
  onClick={[Function]}
  type="button"
>
  Submit
</button>
`;
