// Jest Snapshot v1, https://goo.gl/fbAQLP

exports[`Form is rendered properly 1`] = `
<form
  className="Form"
  style={
    Object {
      "width": "100%",
    }
  }
>
  children
</form>
`;
