// Jest Snapshot v1, https://goo.gl/fbAQLP

exports[`Input is rendered properly 1`] = `
<input
  className="Input"
  id="name"
  name="name"
  onChange={[Function]}
  value="read-only"
/>
`;
