// Jest Snapshot v1, https://goo.gl/fbAQLP

exports[`Label is rendered properly 1`] = `
<label
  className="Label"
  htmlFor="inputName"
>
  Hello
</label>
`;
