// Jest Snapshot v1, https://goo.gl/fbAQLP

exports[`TitleLevel2 renders properly 1`] = `"<h2 class=\\"TitleLevel2\\">Title</h2>"`;
